
        ELECTRONICS2GO SALES REPORT
STATE NAME    BRANCH   SALESID  SALESTOTAL

Alaska          73213    53280F  $5,197.99
                         BRANCH TOTAL :     $5,197.99
                        STATE TOTAL :       $5,197.99

Arizona         13039    73422F  $9,841.99
                         BRANCH TOTAL :     $9,841.99

                42717    57437M  $1,462.99
                         BRANCH TOTAL :     $1,462.99
                        STATE TOTAL :      $11,304.98

California      03858    03210M  $9,280.99
                         BRANCH TOTAL :     $9,280.99

                30561    00029F  $6,307.99
                         01029M  $6,311.99
                         02029F  $1,107.99
                         03029M  $4,407.99
                         04029M  $3,344.99
                         BRANCH TOTAL :    $21,480.95
                        STATE TOTAL :      $30,761.94

Colorado        13951    42448F  $9,860.99
                         BRANCH TOTAL :     $9,860.99
                        STATE TOTAL :       $9,860.99

Connecticut     70389    30174F  $8,622.99
                         BRANCH TOTAL :     $8,622.99
                        STATE TOTAL :       $8,622.99

Florida         11431    24089M  $3,153.99
                         BRANCH TOTAL :     $3,153.99

                87044    02115M  $8,115.99
                         BRANCH TOTAL :     $8,115.99

                92601    63617M  $9,313.99
                         BRANCH TOTAL :     $9,313.99
                        STATE TOTAL :      $20,583.97

Georgia         15007    12336M  $6,966.99
                         BRANCH TOTAL :     $6,966.99

                37920    89464F    $506.99
                         BRANCH TOTAL :       $506.99

                57667    71598F  $4,514.99
                         BRANCH TOTAL :     $4,514.99

                97390    57233F  $1,904.99
                         BRANCH TOTAL :     $1,904.99
                        STATE TOTAL :      $13,893.96

Hawaii          51225    09654F  $9,141.99
                         BRANCH TOTAL :     $9,141.99
                        STATE TOTAL :       $9,141.99

Idaho           56903    00714F  $2,674.99
                         BRANCH TOTAL :     $2,674.99
                        STATE TOTAL :       $2,674.99

Iowa            49766    23982F  $7,075.99
                         BRANCH TOTAL :     $7,075.99
                        STATE TOTAL :       $7,075.99

Kansas          10072    70219F  $3,991.99
                         BRANCH TOTAL :     $3,991.99

                89074    76643F  $4,455.99
                         BRANCH TOTAL :     $4,455.99
                        STATE TOTAL :       $8,447.98

Kentucky        63443    80111F  $9,692.99
                         BRANCH TOTAL :     $9,692.99
                        STATE TOTAL :       $9,692.99

Maine           74627    88929M    $567.99
                         BRANCH TOTAL :       $567.99
                        STATE TOTAL :         $567.99

Maryland        40358    36938F  $1,987.99
                         BRANCH TOTAL :     $1,987.99
                        STATE TOTAL :       $1,987.99

Michigan        13619    37766F  $1,290.99
                         BRANCH TOTAL :     $1,290.99

                44441    87931M    $548.99
                         BRANCH TOTAL :       $548.99
                        STATE TOTAL :       $1,839.98

Nebraska        61801    72654M  $1,443.99
                         BRANCH TOTAL :     $1,443.99
                        STATE TOTAL :       $1,443.99

New Mexico      08023    12967F  $3,326.99
                         BRANCH TOTAL :     $3,326.99
                        STATE TOTAL :       $3,326.99

New York        58953    48889M  $5,990.99
                         BRANCH TOTAL :     $5,990.99

                94941    95854M  $2,731.99
                         BRANCH TOTAL :     $2,731.99
                        STATE TOTAL :       $8,722.98

North Carolina  67957    10561F  $2,560.99
                         BRANCH TOTAL :     $2,560.99
                        STATE TOTAL :       $2,560.99

North Dakota    12855    32381F  $7,543.99
                         BRANCH TOTAL :     $7,543.99

                71549    49753M  $4,250.99
                         BRANCH TOTAL :     $4,250.99
                        STATE TOTAL :      $11,794.98

Oklahoma        21947    14025M  $3,672.99
                         BRANCH TOTAL :     $3,672.99

                93491    37559F  $1,152.99
                         BRANCH TOTAL :     $1,152.99
                        STATE TOTAL :       $4,825.98

South Dakota    91859    91982M  $8,001.99
                         BRANCH TOTAL :     $8,001.99
                        STATE TOTAL :       $8,001.99

Tennessee       00355    43785M  $7,064.99
                         BRANCH TOTAL :     $7,064.99

                23440    16644M  $3,240.99
                         BRANCH TOTAL :     $3,240.99
                        STATE TOTAL :      $10,305.98

Texas           49260    68191F  $5,478.99
                         BRANCH TOTAL :     $5,478.99

                53608    03027F  $6,327.99
                         BRANCH TOTAL :     $6,327.99

                97506    81027F  $4,261.99
                         BRANCH TOTAL :     $4,261.99
                        STATE TOTAL :      $16,068.97

Vermont         46439    13921F  $9,013.99
                         BRANCH TOTAL :     $9,013.99

                96163    19321F  $3,684.99
                         BRANCH TOTAL :     $3,684.99
                        STATE TOTAL :      $12,698.98

Virginia        99705    59337M  $5,734.99
                         BRANCH TOTAL :     $5,734.99
                        STATE TOTAL :       $5,734.99

Washington      04935    42915M  $4,287.99
                         BRANCH TOTAL :     $4,287.99

                60120    44248F  $8,571.99
                         BRANCH TOTAL :     $8,571.99
                        STATE TOTAL :      $12,859.98

West Virginia   06024    40157M  $9,748.99
                         BRANCH TOTAL :     $9,748.99

                95096    70002F  $4,949.99
                         BRANCH TOTAL :     $4,949.99
                        STATE TOTAL :      $14,698.98

Wisconsin       42177    94186F  $9,519.99
                         BRANCH TOTAL :     $9,519.99

                45656    33836M  $2,315.99
                         BRANCH TOTAL :     $2,315.99
                        STATE TOTAL :      $11,835.98

Wyoming         74015    81060F  $5,570.99
                         BRANCH TOTAL :     $5,570.99
                        STATE TOTAL :       $5,570.99
                         FINAL TOTAL :    $272,109.47
